
[TEST] EtherscanMultiChainFetcher
Fetching transactions for 0xd8dA6BF26964aF9D7eEd9e03E53415D37aA96045 on ethereum...
[+] Fetching Ethereum transactions via Etherscan v2 API...
FAIL: Exception: 'charmap' codec can't encode character '\u274c' in position 0: character maps to <undefined>

[TEST] SolanaFetcher
Fetching transactions for 5Q544fKrFoe6tsEbD7S8EmxGTJYAKtTVhAW5Q5pge4j1 on solana...
[Solscan] Fetching transactions for 5Q544fKrFoe6tsEbD7S8EmxGTJYAKtTVhAW5Q5pge4j1...
FAIL: Exception: 'charmap' codec can't encode character '\u274c' in position 0: character maps to <undefined>
